<?xml version="1.0" encoding="utf-8"?><testsuites name="pytest tests"><testsuite name="pytest" errors="0" failures="0" skipped="0" tests="1" time="59.677" timestamp="2026-06-14T13:22:34.789164+01:00" hostname="DESKTOP-17V9HJ5"><properties><property name="Project" value="Play-Pro-V3" /><property name="Environment" value="QA" /><property name="Test Suite" value="Experience Suite Test" /></properties><testcase classname="tests.properties.test_discover_activity" name="test_discover_activity" file="tests\properties\test_discover_activity.py" line="12" time="59.594"><properties><property name="Test" value="Experience Navigation" /><property name="Priority" value="High" /><property name="Browser" value="Chrome" /><property name="Type" value="Functional" /></properties></testcase></testsuite></testsuites>