<?xml version="1.0" encoding="utf-8"?><testsuites name="pytest tests"><testsuite name="pytest" errors="0" failures="0" skipped="0" tests="1" time="80.013" timestamp="2026-06-21T11:12:04.099316+01:00" hostname="DESKTOP-17V9HJ5"><testcase classname="tests.play.pro.v3.Reservation.test_reservation_05" name="test_booking_vr_arena_premium_test_qa" file="tests\play\pro\v3\Reservation\test_reservation_05.py" line="19" time="79.893" /></testsuite></testsuites>